******************************************************************************
                  TI ARM Linker PC v18.12.4                    
******************************************************************************
>> Linked Thu Mar  5 16:17:04 2020

OUTPUT FILE NAME:   <Homework3_Starter.out>
ENTRY POINT SYMBOL: "_c_int00_noargs"  address: 00000859


MEMORY CONFIGURATION

         name            origin    length      used     unused   attr    fill
----------------------  --------  ---------  --------  --------  ----  --------
  MAIN                  00000000   00040000  000009e4  0003f61c  R  X
  INFO                  00200000   00004000  00000000  00004000  R  X
  SRAM_CODE             01000000   00010000  00000209  0000fdf7  RW X
  SRAM_DATA             20000000   00010000  00000209  0000fdf7  RW  


SEGMENT ALLOCATION MAP

run origin  load origin   length   init length attrs members
----------  ----------- ---------- ----------- ----- -------
00000000    00000000    000009e8   000009e8    r-x
  00000000    00000000    000000e4   000000e4    r-- .intvecs
  000000e4    000000e4    000008b8   000008b8    r-x .text
  0000099c    0000099c    00000030   00000030    r-- .const
  000009d0    000009d0    00000018   00000018    r-- .cinit
20000000    20000000    00000009   00000000    rw-
  20000000    20000000    00000009   00000000    rw- .data
2000fe00    2000fe00    00000200   00000000    rw-
  2000fe00    2000fe00    00000200   00000000    rw- .stack


SECTION ALLOCATION MAP

 output                                  attributes/
section   page    origin      length       input sections
--------  ----  ----------  ----------   ----------------
.intvecs   0    00000000    000000e4     
                  00000000    000000e4     startup_msp432p401r_ccs.obj (.intvecs:retain)

.text      0    000000e4    000008b8     
                  000000e4    0000012a     homework3.obj (.text:changeBoosterpackLED)
                  0000020e    00000002     startup_msp432p401r_ccs.obj (.text:Default_Handler)
                  00000210    0000012a     homework3.obj (.text:changeLaunchpadLED2)
                  0000033a    00000002     --HOLE-- [fill = 0]
                  0000033c    000000a0     homework3.obj (.text:main)
                  000003dc    0000009c     rtsv7M4_T_le_v4SPD16_eabi.lib : memcpy_t2.asm.obj (.text)
                  00000478    00000094     myGPIO.obj (.text:initGPIO)
                  0000050c    00000078     system_msp432p401r.obj (.text:SystemInit)
                  00000584    00000068     msp432p4xx_driverlib.lib : timer32.o (.text:Timer32_initModule)
                  000005ec    00000068     rtsv7M4_T_le_v4SPD16_eabi.lib : copy_decompress_lzss.c.obj (.text:decompress:lzss:__TI_decompress_lzss)
                  00000654    00000058     msp432p4xx_driverlib.lib : gpio.o (.text:GPIO_setAsInputPinWithPullUpResistor)
                  000006ac    0000004c     homework3.obj (.text:fsmBoosterpackButtonS1)
                  000006f8    00000044     rtsv7M4_T_le_v4SPD16_eabi.lib : autoinit.c.obj (.text:__TI_auto_init_nobinit_nopinit:__TI_auto_init_nobinit_nopinit)
                  0000073c    00000040     msp432p4xx_driverlib.lib : gpio.o (.text:GPIO_setAsOutputPin)
                  0000077c    00000038                              : timer32.o (.text:Timer32_startTimer)
                  000007b4    00000038     myTimer.obj (.text:timer0Expired)
                  000007ec    00000038     myTimer.obj (.text:timer1Expired)
                  00000824    00000034     msp432p4xx_driverlib.lib : timer32.o (.text:Timer32_setCount)
                  00000858    00000034     rtsv7M4_T_le_v4SPD16_eabi.lib : boot_cortex_m.c.obj (.text:_c_int00_noargs:_c_int00_noargs)
                  0000088c    00000030     msp432p4xx_driverlib.lib : gpio.o (.text:GPIO_getInputPinValue)
                  000008bc    00000028                              : gpio.o (.text:GPIO_setOutputHighOnPin)
                  000008e4    00000028                              : gpio.o (.text:GPIO_setOutputLowOnPin)
                  0000090c    00000026     myTimer.obj (.text:initTimer)
                  00000932    00000002     --HOLE-- [fill = 0]
                  00000934    00000024     msp432p4xx_driverlib.lib : wdt_a.o (.text:WDT_A_holdTimer)
                  00000958    0000000e                              : timer32.o (.text:Timer32_getValue)
                  00000966    0000000e     rtsv7M4_T_le_v4SPD16_eabi.lib : copy_decompress_none.c.obj (.text:decompress:none:__TI_decompress_none)
                  00000974    0000000c     startup_msp432p401r_ccs.obj (.text:Reset_Handler)
                  00000980    0000000c     myGPIO.obj (.text:checkStatus_BoosterpackS1)
                  0000098c    00000008     homework3.obj (.text:initBoard)
                  00000994    00000004     rtsv7M4_T_le_v4SPD16_eabi.lib : pre_init.c.obj (.text:_system_pre_init)
                  00000998    00000004                                   : exit.c.obj (.text:abort:abort)

.const     0    0000099c    00000030     
                  0000099c    00000030     msp432p4xx_driverlib.lib : gpio.o (.const:GPIO_PORT_TO_BASE)

.cinit     0    000009d0    00000018     
                  000009d0    00000008     (.cinit..data.load) [load image, compression = lzss]
                  000009d8    00000008     (__TI_handler_table)
                  000009e0    00000008     (__TI_cinit_table)

.init_array 
*          0    00000000    00000000     UNINITIALIZED

.binit     0    00000000    00000000     

.data      0    20000000    00000009     UNINITIALIZED
                  20000000    00000008     myTimer.obj (.data)
                  20000008    00000001     homework3.obj (.data)

.stack     0    2000fe00    00000200     UNINITIALIZED
                  2000fe00    00000004     rtsv7M4_T_le_v4SPD16_eabi.lib : boot_cortex_m.c.obj (.stack)
                  2000fe04    000001fc     --HOLE--

MODULE SUMMARY

       Module                        code   ro data   rw data
       ------                        ----   -------   -------
    .\
       homework3.obj                 840    0         2      
       myTimer.obj                   150    0         16     
       myGPIO.obj                    160    0         0      
       system_msp432p401r.obj        120    0         0      
    +--+-----------------------------+------+---------+---------+
       Total:                        1270   0         18     
                                                             
    .\ccs\
       startup_msp432p401r_ccs.obj   14     228       0      
    +--+-----------------------------+------+---------+---------+
       Total:                        14     228       0      
                                                             
    C:/Users/Ray/simplelink_msp432p4_sdk_3_40_01_02/source/ti/devices/msp432p4xx/driverlib/ccs/msp432p4xx_driverlib.lib
       gpio.o                        280    48        0      
       timer32.o                     226    0         0      
       wdt_a.o                       36     0         0      
    +--+-----------------------------+------+---------+---------+
       Total:                        542    48        0      
                                                             
    C:\Users\Ray\ccs\tools\compiler\ti-cgt-arm_18.12.4.LTS\lib\rtsv7M4_T_le_v4SPD16_eabi.lib
       memcpy_t2.asm.obj             156    0         0      
       copy_decompress_lzss.c.obj    104    0         0      
       autoinit.c.obj                68     0         0      
       boot_cortex_m.c.obj           52     0         0      
       copy_decompress_none.c.obj    14     0         0      
       exit.c.obj                    4      0         0      
       pre_init.c.obj                4      0         0      
    +--+-----------------------------+------+---------+---------+
       Total:                        402    0         0      
                                                             
       Stack:                        0      0         1024   
       Linker Generated:             0      24        0      
    +--+-----------------------------+------+---------+---------+
       Grand Total:                  2228   300       1042   


LINKER GENERATED COPY TABLES

__TI_cinit_table @ 000009e0 records: 1, size/record: 8, table size: 8
	.data: load addr=000009d0, load size=00000008 bytes, run addr=20000000, run size=00000009 bytes, compression=lzss


LINKER GENERATED HANDLER TABLE

__TI_handler_table @ 000009d8 records: 2, size/record: 4, table size: 8
	index: 0, handler: __TI_decompress_lzss
	index: 1, handler: __TI_decompress_none


GLOBAL SYMBOLS: SORTED ALPHABETICALLY BY Name 

address   name                                
-------   ----                                
0000020f  ADC14_IRQHandler                    
0000020f  AES256_IRQHandler                   
0000020f  BusFault_Handler                    
00000999  C$$EXIT                             
0000020f  COMP_E0_IRQHandler                  
0000020f  COMP_E1_IRQHandler                  
0000020f  CS_IRQHandler                       
0000020f  DMA_ERR_IRQHandler                  
0000020f  DMA_INT0_IRQHandler                 
0000020f  DMA_INT1_IRQHandler                 
0000020f  DMA_INT2_IRQHandler                 
0000020f  DMA_INT3_IRQHandler                 
0000020f  DebugMon_Handler                    
0000020f  Default_Handler                     
0000020f  EUSCIA0_IRQHandler                  
0000020f  EUSCIA1_IRQHandler                  
0000020f  EUSCIA2_IRQHandler                  
0000020f  EUSCIA3_IRQHandler                  
0000020f  EUSCIB0_IRQHandler                  
0000020f  EUSCIB1_IRQHandler                  
0000020f  EUSCIB2_IRQHandler                  
0000020f  EUSCIB3_IRQHandler                  
0000020f  FLCTL_IRQHandler                    
0000020f  FPU_IRQHandler                      
0000088d  GPIO_getInputPinValue               
00000655  GPIO_setAsInputPinWithPullUpResistor
0000073d  GPIO_setAsOutputPin                 
000008bd  GPIO_setOutputHighOnPin             
000008e5  GPIO_setOutputLowOnPin              
0000020f  HardFault_Handler                   
0000020f  MemManage_Handler                   
0000020f  NMI_Handler                         
0000020f  PCM_IRQHandler                      
0000020f  PORT1_IRQHandler                    
0000020f  PORT2_IRQHandler                    
0000020f  PORT3_IRQHandler                    
0000020f  PORT4_IRQHandler                    
0000020f  PORT5_IRQHandler                    
0000020f  PORT6_IRQHandler                    
0000020f  PSS_IRQHandler                      
0000020f  PendSV_Handler                      
0000020f  RTC_C_IRQHandler                    
00000975  Reset_Handler                       
0000020f  SVC_Handler                         
0000020f  SysTick_Handler                     
0000050d  SystemInit                          
0000020f  T32_INT1_IRQHandler                 
0000020f  T32_INT2_IRQHandler                 
0000020f  T32_INTC_IRQHandler                 
0000020f  TA0_0_IRQHandler                    
0000020f  TA0_N_IRQHandler                    
0000020f  TA1_0_IRQHandler                    
0000020f  TA1_N_IRQHandler                    
0000020f  TA2_0_IRQHandler                    
0000020f  TA2_N_IRQHandler                    
0000020f  TA3_0_IRQHandler                    
0000020f  TA3_N_IRQHandler                    
00000959  Timer32_getValue                    
00000585  Timer32_initModule                  
00000825  Timer32_setCount                    
0000077d  Timer32_startTimer                  
0000020f  UsageFault_Handler                  
4000480c  WDTCTL_SYM                          
0000020f  WDT_A_IRQHandler                    
00000935  WDT_A_holdTimer                     
20010000  __STACK_END                         
00000200  __STACK_SIZE                        
000009e0  __TI_CINIT_Base                     
000009e8  __TI_CINIT_Limit                    
000009d8  __TI_Handler_Table_Base             
000009e0  __TI_Handler_Table_Limit            
000006f9  __TI_auto_init_nobinit_nopinit      
000005ed  __TI_decompress_lzss                
00000967  __TI_decompress_none                
ffffffff  __TI_pprof_out_hndl                 
ffffffff  __TI_prof_data_size                 
ffffffff  __TI_prof_data_start                
00000000  __TI_static_base__                  
000003dd  __aeabi_memcpy                      
000003dd  __aeabi_memcpy4                     
000003dd  __aeabi_memcpy8                     
ffffffff  __binit__                           
ffffffff  __c_args__                          
UNDEFED   __mpu_init                          
2000fe00  __stack                             
00000859  _c_int00_noargs                     
UNDEFED   _system_post_cinit                  
00000995  _system_pre_init                    
00000999  abort                               
ffffffff  binit                               
000000e5  changeBoosterpackLED                
00000211  changeLaunchpadLED2                 
00000981  checkStatus_BoosterpackS1           
000006ad  fsmBoosterpackButtonS1              
0000098d  initBoard                           
00000479  initGPIO                            
0000090d  initTimer                           
00000000  interruptVectors                    
0000033d  main                                
000003dd  memcpy                              
000007b5  timer0Expired                       
000007ed  timer1Expired                       


GLOBAL SYMBOLS: SORTED BY Symbol Address 

address   name                                
-------   ----                                
00000000  __TI_static_base__                  
00000000  interruptVectors                    
000000e5  changeBoosterpackLED                
00000200  __STACK_SIZE                        
0000020f  ADC14_IRQHandler                    
0000020f  AES256_IRQHandler                   
0000020f  BusFault_Handler                    
0000020f  COMP_E0_IRQHandler                  
0000020f  COMP_E1_IRQHandler                  
0000020f  CS_IRQHandler                       
0000020f  DMA_ERR_IRQHandler                  
0000020f  DMA_INT0_IRQHandler                 
0000020f  DMA_INT1_IRQHandler                 
0000020f  DMA_INT2_IRQHandler                 
0000020f  DMA_INT3_IRQHandler                 
0000020f  DebugMon_Handler                    
0000020f  Default_Handler                     
0000020f  EUSCIA0_IRQHandler                  
0000020f  EUSCIA1_IRQHandler                  
0000020f  EUSCIA2_IRQHandler                  
0000020f  EUSCIA3_IRQHandler                  
0000020f  EUSCIB0_IRQHandler                  
0000020f  EUSCIB1_IRQHandler                  
0000020f  EUSCIB2_IRQHandler                  
0000020f  EUSCIB3_IRQHandler                  
0000020f  FLCTL_IRQHandler                    
0000020f  FPU_IRQHandler                      
0000020f  HardFault_Handler                   
0000020f  MemManage_Handler                   
0000020f  NMI_Handler                         
0000020f  PCM_IRQHandler                      
0000020f  PORT1_IRQHandler                    
0000020f  PORT2_IRQHandler                    
0000020f  PORT3_IRQHandler                    
0000020f  PORT4_IRQHandler                    
0000020f  PORT5_IRQHandler                    
0000020f  PORT6_IRQHandler                    
0000020f  PSS_IRQHandler                      
0000020f  PendSV_Handler                      
0000020f  RTC_C_IRQHandler                    
0000020f  SVC_Handler                         
0000020f  SysTick_Handler                     
0000020f  T32_INT1_IRQHandler                 
0000020f  T32_INT2_IRQHandler                 
0000020f  T32_INTC_IRQHandler                 
0000020f  TA0_0_IRQHandler                    
0000020f  TA0_N_IRQHandler                    
0000020f  TA1_0_IRQHandler                    
0000020f  TA1_N_IRQHandler                    
0000020f  TA2_0_IRQHandler                    
0000020f  TA2_N_IRQHandler                    
0000020f  TA3_0_IRQHandler                    
0000020f  TA3_N_IRQHandler                    
0000020f  UsageFault_Handler                  
0000020f  WDT_A_IRQHandler                    
00000211  changeLaunchpadLED2                 
0000033d  main                                
000003dd  __aeabi_memcpy                      
000003dd  __aeabi_memcpy4                     
000003dd  __aeabi_memcpy8                     
000003dd  memcpy                              
00000479  initGPIO                            
0000050d  SystemInit                          
00000585  Timer32_initModule                  
000005ed  __TI_decompress_lzss                
00000655  GPIO_setAsInputPinWithPullUpResistor
000006ad  fsmBoosterpackButtonS1              
000006f9  __TI_auto_init_nobinit_nopinit      
0000073d  GPIO_setAsOutputPin                 
0000077d  Timer32_startTimer                  
000007b5  timer0Expired                       
000007ed  timer1Expired                       
00000825  Timer32_setCount                    
00000859  _c_int00_noargs                     
0000088d  GPIO_getInputPinValue               
000008bd  GPIO_setOutputHighOnPin             
000008e5  GPIO_setOutputLowOnPin              
0000090d  initTimer                           
00000935  WDT_A_holdTimer                     
00000959  Timer32_getValue                    
00000967  __TI_decompress_none                
00000975  Reset_Handler                       
00000981  checkStatus_BoosterpackS1           
0000098d  initBoard                           
00000995  _system_pre_init                    
00000999  C$$EXIT                             
00000999  abort                               
000009d8  __TI_Handler_Table_Base             
000009e0  __TI_CINIT_Base                     
000009e0  __TI_Handler_Table_Limit            
000009e8  __TI_CINIT_Limit                    
2000fe00  __stack                             
20010000  __STACK_END                         
4000480c  WDTCTL_SYM                          
ffffffff  __TI_pprof_out_hndl                 
ffffffff  __TI_prof_data_size                 
ffffffff  __TI_prof_data_start                
ffffffff  __binit__                           
ffffffff  __c_args__                          
ffffffff  binit                               
UNDEFED   __mpu_init                          
UNDEFED   _system_post_cinit                  

[102 symbols]
